
> client@0.1.0 dev /app/portfolio/client
> next dev --webpack

▲ Next.js 16.1.6 (webpack)
- Local:         http://localhost:3000
- Network:       http://192.168.0.2:3000

✓ Starting...
Contentlayer config change detected. Updating type definitions and data...
Contentlayer (Warning): Importing from `contentlayer/generated` might not work.
Config option `compilerOptions.baseUrl` not found in "tsconfig.json".

For more information see https://www.contentlayer.dev/docs/getting-started
To disable this warning you can set `disableImportAliasWarning: true` in your Contentlayer config.

Contentlayer (Warning): Importing from `contentlayer/generated` might not work.
Config option `compilerOptions.baseUrl` not found in "tsconfig.json".

For more information see https://www.contentlayer.dev/docs/getting-started
To disable this warning you can set `disableImportAliasWarning: true` in your Contentlayer config.

✓ Ready in 4.9s
Generated 1 documents in .contentlayer
○ Compiling / ...
⚠ ./components/Hero.tsx
Attempted import error: 'Github' is not exported from '__barrel_optimize__?names=ArrowRight,Github,Linkedin,Sparkles,Terminal!=!lucide-react' (imported as 'Github').

Import trace for requested module:
./components/Hero.tsx

./components/Hero.tsx
Attempted import error: 'Linkedin' is not exported from '__barrel_optimize__?names=ArrowRight,Github,Linkedin,Sparkles,Terminal!=!lucide-react' (imported as 'Linkedin').

Import trace for requested module:
./components/Hero.tsx

./components/Hero.tsx
Attempted import error: 'Github' is not exported from '__barrel_optimize__?names=ArrowRight,Github,Linkedin,Sparkles,Terminal!=!lucide-react' (imported as 'Github').

Import trace for requested module:
./components/Hero.tsx

./components/Hero.tsx
Attempted import error: 'Github' is not exported from '__barrel_optimize__?names=ArrowRight,Github,Linkedin,Sparkles,Terminal!=!lucide-react' (imported as 'Github').

Import trace for requested module:
./components/Hero.tsx

./components/Hero.tsx
Attempted import error: 'Linkedin' is not exported from '__barrel_optimize__?names=ArrowRight,Github,Linkedin,Sparkles,Terminal!=!lucide-react' (imported as 'Linkedin').

Import trace for requested module:
./components/Hero.tsx

./components/Hero.tsx
Attempted import error: 'Github' is not exported from '__barrel_optimize__?names=ArrowRight,Github,Linkedin,Sparkles,Terminal!=!lucide-react' (imported as 'Github').

Import trace for requested module:
./components/Hero.tsx

./components/Footer.tsx
Attempted import error: 'Github' is not exported from '__barrel_optimize__?names=Github,Linkedin,Mail!=!lucide-react' (imported as 'Github').

Import trace for requested module:
./components/Footer.tsx
./app/layout.tsx

./components/Footer.tsx
Attempted import error: 'Linkedin' is not exported from '__barrel_optimize__?names=Github,Linkedin,Mail!=!lucide-react' (imported as 'Linkedin').

Import trace for requested module:
./components/Footer.tsx
./app/layout.tsx
⨯ Error: Element type is invalid: expected a string (for built-in components) or a class/function (for composite components) but got: undefined. You likely forgot to export your component from the file it's defined in, or you might have mixed up default and named imports.
    at ignore-listed frames {
  digest: '2596616696'
}
 GET / 500 in 15.4s (compile: 13.9s, render: 1558ms)
